from x import 

int test_primitive(int a, float b, char c) {
int x;
x = 1;
y = Tensor(Tensor(1, 3, 4, 5), Tensor(1, 3, 4, 5), Tensor(1, 3, 4, 5), Tensor(1, 3, 4, 5));
z = Tensor(1, 3, 4, 5);
while ((x <= 100)) {x = (x + 1);}
for (x in y) {int i = x;}
return x;
}
int test_matrix(int x, float y, char z) {
int a;
T_int b = Tensor(1, 2);
T_int B = Tensor(Tensor(1, 2, 3), Tensor(4, 5, 6));
T_int A = Tensor(Tensor(), Tensor(), Tensor(), Tensor());
int c = 12;
a = ((x + y) + z);
return a;
}
x = test_primitive(1, 2, 3);
